[05:15:52] [User Authenticator #39/INFO]: UUID of player ClayGamer01 is 1d3a6c27-7ae0-4c0e-aa92-9f943dcb456e
[05:15:52] [Server thread/INFO]: ClayGamer01[/99.6.230.83:55874] logged in with entity id 775682 at (564.122611266197, 159.5, 2570.1819307130236)
[05:15:52] [Server thread/INFO]: ClayGamer01 joined the game
[05:23:49] [User Authenticator #40/INFO]: UUID of player Quindolin is 271617cd-6ecf-4e3c-870e-553daa50acda
[05:23:50] [Server thread/INFO]: Quindolin[/76.147.233.145:61243] logged in with entity id 777721 at (698.4305784051638, 70.0, 1352.2703664758378)
[05:23:50] [Server thread/INFO]: Quindolin joined the game
[05:26:27] [Server thread/INFO]: Quindolin lost connection: Disconnected
[05:26:27] [Server thread/INFO]: Quindolin left the game
[05:26:57] [User Authenticator #41/INFO]: UUID of player Quindolin is 271617cd-6ecf-4e3c-870e-553daa50acda
[05:26:58] [Server thread/INFO]: Quindolin[/76.147.233.145:61261] logged in with entity id 780208 at (909.2343686045197, 64.0, 1202.7173775792483)
[05:26:58] [Server thread/INFO]: Quindolin joined the game
[05:35:23] [Server thread/WARN]: Can't keep up! Is the server overloaded? Running 2015ms or 40 ticks behind
[05:36:25] [Server thread/INFO]: [ClayGamer01: Set own game mode to Spectator Mode]
[05:36:33] [Server thread/INFO]: [ClayGamer01: Teleported ClayGamer01 to Quindolin]
[05:36:50] [Server thread/INFO]: [ClayGamer01: Set own game mode to Survival Mode]
[05:39:17] [Server thread/INFO]: [ClayGamer01: Set own game mode to Spectator Mode]
[05:39:19] [Server thread/INFO]: [ClayGamer01: Teleported ClayGamer01 to Quindolin]
[05:39:32] [Server thread/INFO]: [ClayGamer01: Set own game mode to Survival Mode]
[05:41:06] [Server thread/INFO]: Quindolin was slain by ClayGamer01
[05:43:47] [Server thread/INFO]: Quindolin lost connection: Disconnected
[05:43:47] [Server thread/INFO]: Quindolin left the game
[05:43:53] [User Authenticator #42/INFO]: UUID of player Quindolin is 271617cd-6ecf-4e3c-870e-553daa50acda
[05:43:54] [Server thread/INFO]: Quindolin[/76.147.233.145:61455] logged in with entity id 791607 at (924.6396694330917, 67.0, 1229.3277869517115)
[05:43:54] [Server thread/INFO]: Quindolin joined the game
[05:44:09] [Server thread/INFO]: Quindolin lost connection: Disconnected
[05:44:09] [Server thread/INFO]: Quindolin left the game
[05:44:28] [User Authenticator #43/INFO]: UUID of player Quindolin is 271617cd-6ecf-4e3c-870e-553daa50acda
[05:44:29] [Server thread/INFO]: Quindolin[/76.147.233.145:61468] logged in with entity id 792291 at (924.6396694330917, 67.0, 1229.3277869517115)
[05:44:29] [Server thread/INFO]: Quindolin joined the game
[05:47:10] [Server thread/INFO]: Quindolin lost connection: Disconnected
[05:47:10] [Server thread/INFO]: Quindolin left the game
[05:51:17] [User Authenticator #44/INFO]: UUID of player Quindolin is 271617cd-6ecf-4e3c-870e-553daa50acda
[05:51:17] [Server thread/INFO]: Quindolin[/76.147.233.145:61732] logged in with entity id 794568 at (909.4154566092379, 64.0, 1200.9831819338385)
[05:51:17] [Server thread/INFO]: Quindolin joined the game
[05:57:32] [Server thread/INFO]: Quindolin lost connection: Disconnected
[05:57:32] [Server thread/INFO]: Quindolin left the game
[06:04:31] [Server thread/INFO]: [ClayGamer01: Set own game mode to Spectator Mode]
[06:04:40] [Server thread/INFO]: [ClayGamer01: Set own game mode to Survival Mode]
[06:14:36] [Server thread/WARN]: Mismatch in destroy block pos: jd{x=694, y=75, z=1396} jd{x=693, y=74, z=1386}
[06:14:36] [Server thread/WARN]: Mismatch in destroy block pos: jd{x=694, y=75, z=1396} jd{x=693, y=74, z=1386}
[06:14:36] [Server thread/WARN]: Mismatch in destroy block pos: jd{x=694, y=75, z=1396} jd{x=693, y=74, z=1386}
[06:14:36] [Server thread/WARN]: Mismatch in destroy block pos: jd{x=694, y=75, z=1396} jd{x=693, y=74, z=1386}
[06:14:36] [Server thread/WARN]: Mismatch in destroy block pos: jd{x=694, y=75, z=1396} jd{x=693, y=74, z=1386}
[06:24:27] [User Authenticator #45/INFO]: UUID of player Quindolin is 271617cd-6ecf-4e3c-870e-553daa50acda
[06:24:28] [Server thread/INFO]: Quindolin[/76.147.233.145:61920] logged in with entity id 805610 at (908.2841098869997, 62.0, 1228.2492697426153)
[06:24:28] [Server thread/INFO]: Quindolin joined the game
[06:27:37] [Server thread/INFO]: Quindolin fell from a high place
[06:30:23] [Server thread/INFO]: [ClayGamer01: Set own game mode to Spectator Mode]
[06:30:58] [Server thread/INFO]: [ClayGamer01: Summoned new Creeper]
[06:31:02] [Server thread/INFO]: Quindolin lost connection: Disconnected
[06:31:02] [Server thread/INFO]: Quindolin left the game
[06:31:49] [Server thread/INFO]: [ClayGamer01: Set own game mode to Survival Mode]
[06:33:08] [Server thread/INFO]: [ClayGamer01: Set own game mode to Spectator Mode]
[06:34:09] [Server thread/INFO]: [ClayGamer01: Set own game mode to Survival Mode]
[06:50:08] [Server thread/INFO]: ClayGamer01 lost connection: Disconnected
[06:50:08] [Server thread/INFO]: ClayGamer01 left the game
[06:51:11] [Server thread/INFO]: Stopping the server
[06:51:11] [Server thread/INFO]: Stopping server
[06:51:11] [Server thread/INFO]: Saving players
[06:51:11] [Server thread/INFO]: Saving worlds
[06:51:11] [Server thread/INFO]: Saving chunks for level 'ServerLevel[world]'/minecraft:overworld
[06:51:11] [Server thread/INFO]: Saving chunks for level 'ServerLevel[world]'/minecraft:the_end
[06:51:11] [Server thread/INFO]: Saving chunks for level 'ServerLevel[world]'/minecraft:the_nether
[06:51:11] [Server thread/INFO]: ThreadedAnvilChunkStorage (world): All chunks are saved
[06:51:11] [Server thread/INFO]: ThreadedAnvilChunkStorage (DIM1): All chunks are saved
[06:51:11] [Server thread/INFO]: ThreadedAnvilChunkStorage (DIM-1): All chunks are saved
[06:51:11] [Server thread/INFO]: ThreadedAnvilChunkStorage: All dimensions are saved
